// Vitest Snapshot v1, https://vitest.dev/guide/snapshot.html

exports[`stackToBlobs > should output new blobs once and nothing the second 1`] = `
[
  {
    "created": true,
    "current": {
      "blobId": null,
      "createdAt": "",
      "description": {
        "content": [],
        "type": "doc",
      },
      "display": {
        "pos": {
          "x": 0,
          "y": 0,
        },
        "size": {
          "height": 40,
          "width": 130,
        },
        "zIndex": 1,
      },
      "edges": [],
      "id": Any<String>,
      "inComponent": {
        "id": null,
        "source": "github",
      },
      "name": "A",
      "orgId": undefined,
      "projectId": undefined,
      "show": true,
      "slug": "a",
      "source": "github",
      "sourceName": "a",
      "sourcePath": [
        "/",
      ],
      "tags": [
        "github",
      ],
      "techId": null,
      "techs": [],
      "type": "service",
      "typeId": null,
      "updatedAt": "",
    },
    "deleted": false,
    "id": Any<String>,
    "parentId": null,
    "type": "component",
    "typeId": Any<String>,
  },
  {
    "created": true,
    "current": {
      "blobId": null,
      "createdAt": "",
      "description": {
        "content": [],
        "type": "doc",
      },
      "display": {
        "pos": {
          "x": 0,
          "y": 0,
        },
        "size": {
          "height": 40,
          "width": 130,
        },
        "zIndex": 1,
      },
      "edges": [],
      "id": Any<String>,
      "inComponent": {
        "id": null,
        "source": "github",
      },
      "name": "B",
      "orgId": undefined,
      "projectId": undefined,
      "show": true,
      "slug": "b",
      "source": "github",
      "sourceName": "b",
      "sourcePath": [
        "/",
      ],
      "tags": [
        "github",
      ],
      "techId": null,
      "techs": [],
      "type": "service",
      "typeId": null,
      "updatedAt": "",
    },
    "deleted": false,
    "id": Any<String>,
    "parentId": null,
    "type": "component",
    "typeId": Any<String>,
  },
]
`;
