// Vitest Snapshot v1, https://vitest.dev/guide/snapshot.html

exports[`aiPromptProjectDescription > should output the prompt 1`] = `
[
  {
    "content": "You describe a technical project for an engineer.
3 paragraphs maximum
DO NOT use adjective, superlative or adverb.
Details why it exists in one paragraph with a line break at end
Details briefly how it works
Use the list of technologies to describe how it works. Choose only the most relevant ones",
    "role": "system",
  },
  {
    "content": "Project name is Analytics

Technologies:
Cloud: GCP
Hosting: GCE
Service: Aggregator
Saas: Algolia
Database: Postgres
Messaging: SQS
Depends on internal product: Billing
  ",
    "role": "user",
  },
]
`;

exports[`aiPromptProjectOnboarding > should output the prompt 1`] = `
[
  {
    "content": "You are technical writer. With the information provided write a README.md that you would find in GitHub.
Split in 4 sections:
1. An Overview section
2. A Get Started section, bullet point sentences with one emoji per line. Use the list of documents provided, ONLY use what you would find in a README (e.g: installation, guidelines, deployment, contributing, etc.)
3. A Technology section, highlighting 3-5 relevant technologies in the list, with a quick sentence how about what they do and the link
4. A next step section, write use generic advices and use the links in the last list

If the provided information needed to write a section are not enough then simply write: \\"Insufficient information.\\". The writer should refrain using links that were not provided by the user.
End the content with encouraging words with emojis.
Output in markdown",
    "role": "system",
  },
  {
    "content": "Project name is Analytics
The Analytics project collects data from various sources, processes it, and presents it in dashboards and reports. These outputs show key indicators and trends for the business.

Technologies:
Hosting: GCP http://localhost:5173/acme/analytics/c/undefined-gcp, GCE http://localhost:5173/acme/analytics/c/undefined-gce
Database: Postgres http://localhost:5173/acme/analytics/c/undefined-postgres
Depends on internal product: Billing http://localhost:5173/acme/analytics/c/undefined-billing

Documentation:
http://localhost:5173/acme/analytics/doc/readme: README
http://localhost:5173/acme/analytics/doc/docs/contributing: Contributing
http://localhost:5173/acme/analytics/doc/docs/installation: Installation
http://localhost:5173/acme/analytics/doc/docs/deploy: Deploy
http://localhost:5173/acme/analytics/doc/docs/deploy.terraform: Deploy With Terraform
http://localhost:5173/acme/analytics/doc/docs/foobar: Foobar

Links:
GitHub: https://github.com/specfy/specfy
Discord: https://discord.gg/foobar
Infrastructure Flow: http://localhost:5173/acme/analytics/flow",
    "role": "user",
  },
  {
    "content": "# Overview
The Analytics project collects data from various sources, processes it, and presents it in dashboards and reports. These outputs show key indicators and trends for the business. The project also employs machine learning and statistical methods to analyze data, helping businesses make data-based decisions.

## Get Started
- ðŸ“¥ **Installation**: Clone the repository from [GitHub](https://github.com/specfy/specfy)

## Technology
The Analytics project utilizes the following technologies:
- The project is hosted on [GCP](http://localhost:5173/acme/analytics/c/jZDC3Lsc01-gcp)
- We are using [Postgres](http://localhost:5173/acme/analytics/c/jZDC3Lsc04-postgresql) as the main Database
- You would want to checkout out [Billing](http://localhost:5173/acme/analytics/c/undefined-billing) project.

## Next Steps
To further explore the project, you can:
- Check the [GitHub repository](https://github.com/specfy/specfy)
- Join our community on the [Discord](https://discord.gg/foobar)
- Follow the infrastructure flow [here](http://localhost:5173/acme/analytics/flow) to understand the project's architecture.",
    "role": "assistant",
  },
  {
    "content": "Project name is Analytics
The Analytics project collects data from various sources, processes it, and presents it in dashboards and reports. These outputs show key indicators and trends for the business.
The project also employs machine learning and statistical methods to analyze data. This analysis helps in predicting trends and making recommendations based on past data. This project assists businesses in making data-based decisions.



Technologies:
Cloud: GCP http://localhost:5173/acme/analytics/c/1-gcp
Hosting: GCE http://localhost:5173/acme/analytics/c/2-gce
Service: Aggregator http://localhost:5173/acme/analytics/c/3-aggr
Saas: Algolia http://localhost:5173/acme/analytics/c/4-algolia
Database: Postgres http://localhost:5173/acme/analytics/c/5-postgres
Messaging: SQS http://localhost:5173/acme/analytics/c/6-sqs
Depends on internal product: Billing http://localhost:5173/acme/analytics/c/7-billing

Documentation:
http://localhost:5173/acme/analytics/doc/readme: README
http://localhost:5173/acme/analytics/doc/docs/contributing: Contributing
http://localhost:5173/acme/analytics/doc/docs/installation: Installation
http://localhost:5173/acme/analytics/doc/docs/deploy: Deploy
http://localhost:5173/acme/analytics/doc/docs/deploy.terraform: Deploy With Terraform

Links:
GitHub: https://github.com/specfy/specfy
Infrastructure Flow: http://localhost:5173/acme/analytics/flow
",
    "role": "user",
  },
]
`;

exports[`aiPromptRewrite > should output the prompt 1`] = `
[
  {
    "content": "You rewrite content you are provided with for an engineer. Do not use adverb or subjective language.",
    "role": "system",
  },
  {
    "content": "Specfy is an awesome platform",
    "role": "user",
  },
]
`;
