// Vitest Snapshot v1, https://vitest.dev/guide/snapshot.html

exports[`rebuildFlow > should create a new flow 1`] = `
{
  "edges": [
    {
      "data": {
        "read": true,
        "write": true,
      },
      "id": "a->b",
      "markerEnd": {
        "height": 14,
        "type": "arrowclosed",
        "width": 14,
      },
      "source": "a",
      "sourceHandle": "sr",
      "target": "b",
      "targetHandle": "tl",
    },
  ],
  "nodes": [
    {
      "data": {
        "name": "A",
        "originalSize": {
          "height": 40,
          "width": 130,
        },
        "techId": null,
        "type": "project",
        "typeId": null,
      },
      "id": "a",
      "position": {
        "x": 0,
        "y": -50,
      },
      "style": {
        "height": "40px",
        "width": "130px",
      },
      "type": "custom",
    },
    {
      "data": {
        "name": "B",
        "originalSize": {
          "height": 40,
          "width": 130,
        },
        "techId": null,
        "type": "project",
        "typeId": null,
      },
      "id": "b",
      "position": {
        "x": 0,
        "y": -100,
      },
      "style": {
        "height": "40px",
        "width": "130px",
      },
      "type": "custom",
    },
  ],
}
`;
